BBBBBBBBBBBBBBBBBBBBBBBBBBBBBBBBBBBBBBBBBBBBBBBBBBBBBBB 
B                                                     B
BBBBBBBBBBBBBBBBBB                                    B
B                            BBBBBBBB                 B
B                    BBBBBBBBBBBBBBBBBBB              B
B                BBBBBBBBBBBBBBBBBBBBBBBBBBBBBBBBBBBBBB
B     BBBBBB                                          B
B                                                     B
BBBBBB                                                B
B                          BBBBBBBBBB                 B
BBBBBBBBBBBBBBBBBBBBBB                   BBBBB        B
B                                                   BBB
B               E                                     B
B              BBBB                    BBBBBBBBBBBBBBBB
B            BBBBBBBBB          BBBBBBBBBBBBBBBBBBBBBBB
B    BBBBBBBBBBBBBBBBBBBBBBBBBBBBBBBBBBBBBBBBBBBBBBBBBB
B                                                     B
BB                                                    B
BBB         BBBBB                     BBBBB           B
BBBBBBBBBBBBB      BBBBBB                      BBB    B
B                           BBBBBB                   BB
B     BBBB                                BBBBB       B
BB       BBBBBB                          BBBBBBBBBBBBBB
B           BBBBBBBBBBBBBB            BBBBBBBBBBBBBBBBB
BBBBBBBBBBBBBBBBBBBBBBBBBBBBBBBBBBBBBBBBBBBBBBBBBBBBBBB